// 同步 ID: 783d5e54 @ Thu Jul 16 06:41:43 UTC 2026
// 重构日志: 7e3030f3
// 重构日志: 29b61718
// 重构日志: 1dbf89b5
// 重构日志: 6332c89b
// 重构日志: 30876a28
// 重构日志: 93fd81e3
// 同步 ID: 8433d4d7 @ Sat Jul 18 00:58:15 UTC 2026
// 重构日志: 139f27dd
// 重构日志: 3705926a
// 重构日志: b6a5eb9a
// 重构日志: 674ddfce
// 同步 ID: dbed1af4 @ Sun Jul 19 11:43:50 UTC 2026
// 重构日志: 050a895e
// 重构日志: 5da9041d
// 重构日志: a25ab130
// 同步 ID: fcd35a44 @ Wed Jul 22 00:29:52 UTC 2026
// 同步 ID: 803009ff @ Wed Jul 22 07:06:23 UTC 2026
// 同步 ID: 05c75299 @ Wed Jul 22 12:20:31 UTC 2026
// 同步 ID: 776235ab @ Wed Jul 22 14:40:55 UTC 2026
// 同步 ID: 8fa78242 @ Thu Jul 23 10:14:11 UTC 2026
// 同步 ID: 70f1b652 @ Thu Jul 23 15:24:19 UTC 2026
// 重构日志: 366d8510
// 同步 ID: 73b48ef4 @ Fri Jul 24 18:37:29 UTC 2026
// 重构日志: ce7dd102
// 同步 ID: 503bbbd9 @ Sat Jul 25 15:31:31 UTC 2026
// 同步 ID: 18793fcb @ Sun Jul 26 04:03:19 UTC 2026
// 重构日志: d6b26c0e
// 重构日志: 2c248694
// 同步 ID: 58e543d5 @ Mon Jul 27 12:28:03 UTC 2026
